<!DOCTYPE html>
<html lang="en">
<head>
	<link rel="stylesheet" type="text/css" href="css/styles.css">
	<title>Golden</title>
</head>
<body>
	<div id='wrapper'>
		<img src="images/logo.png" id="logo">
		<ul>
			<a href="#"><li>Home</li></a>
			<a href="#"><li>Services</li></a>
			<a href="#"><li>Portfolio</li></a>
			<a href="#"><li>About</li></a>
			<a href="#"><li>Contact</li></a>
		</ul>
		<img src="images/first-bg.png" id="first-bg">
	</div>
</body>
</html>